// Jest Snapshot v1, https://goo.gl/fbAQLP

exports[`EditExpense test suite should render EditExpensePage correctly 1`] = `
<div
  className="page-header"
>
  <div
    className="content-container"
  >
    <h1
      className="page-header__title"
    >
      Edit Expense
    </h1>
  </div>
  <div
    className="content-container"
  >
    <ExpenseForm
      buttonText="Save Expense"
      expense={
        Object {
          "amount": 425,
          "createdAt": 345600000,
          "description": "Tea bags",
          "id": "3",
          "note": "Coles",
        }
      }
      onSubmit={[Function]}
    />
    <button
      className="button button--secondary"
      onClick={[Function]}
    >
      Remove Expense
    </button>
  </div>
</div>
`;
