// Jest Snapshot v1, https://goo.gl/fbAQLP

exports[`ExpenseDashboardPage component test suite should render ExpenseDashboardPage correctly 1`] = `
<div>
  <Connect(ExpensesSummary) />
  <Connect(ExpenseListFilters) />
  <Connect(ExpenseList) />
</div>
`;
